=== ÉTAT SYSTÈME MAXLINK ===
Date: Tue 13 May 02:19:24 CEST 2025
Script: update_install
Utilisateur: root
PWD: /media/max/MAXLINK

=== SERVICES RÉSEAU ===
● NetworkManager.service - Network Manager
     Loaded: loaded (/lib/systemd/system/NetworkManager.service; enabled; preset: enabled)
     Active: active (running) since Tue 2025-05-13 02:17:51 CEST; 1min 33s ago
       Docs: man:NetworkManager(8)
   Main PID: 693 (NetworkManager)
      Tasks: 3 (limit: 9568)
        CPU: 120ms
     CGroup: /system.slice/NetworkManager.service
             └─693 /usr/sbin/NetworkManager --no-daemon

May 13 02:17:51 raspberrypi NetworkManager[693]: <info>  [1747095471.5499] Wi-Fi P2P device controlled by interface wlan0 created
May 13 02:17:51 raspberrypi NetworkManager[693]: <info>  [1747095471.5525] manager: (p2p-dev-wlan0): new 802.11 Wi-Fi P2P device (/org/freedesktop/NetworkManager/Devices/4)
May 13 02:17:51 raspberrypi NetworkManager[693]: <info>  [1747095471.5535] device (p2p-dev-wlan0): state change: unmanaged -> unavailable (reason 'managed', sys-iface-state: 'external')
May 13 02:17:51 raspberrypi NetworkManager[693]: <info>  [1747095471.5551] device (wlan0): state change: unavailable -> disconnected (reason 'supplicant-available', sys-iface-state: 'managed')
May 13 02:17:51 raspberrypi NetworkManager[693]: <info>  [1747095471.5554] device (p2p-dev-wlan0): state change: unavailable -> disconnected (reason 'none', sys-iface-state: 'managed')
May 13 02:17:51 raspberrypi NetworkManager[693]: <info>  [1747095471.6211] device (lo): state change: ip-check -> secondaries (reason 'none', sys-iface-state: 'external')
May 13 02:17:51 raspberrypi NetworkManager[693]: <info>  [1747095471.6213] device (lo): state change: secondaries -> activated (reason 'none', sys-iface-state: 'external')
May 13 02:17:51 raspberrypi NetworkManager[693]: <info>  [1747095471.6218] device (lo): Activation: successful, device activated.
May 13 02:17:53 raspberrypi NetworkManager[693]: <info>  [1747095473.9565] agent-manager: agent[bd38cb74c55a21e9,:1.31/org.freedesktop.nm-applet/1000]: agent registered
May 13 02:17:58 raspberrypi NetworkManager[693]: <info>  [1747095478.3780] manager: startup complete

● wpa_supplicant.service - WPA supplicant
     Loaded: loaded (/lib/systemd/system/wpa_supplicant.service; enabled; preset: enabled)
     Active: active (running) since Tue 2025-05-13 02:17:51 CEST; 1min 33s ago
   Main PID: 733 (wpa_supplicant)
      Tasks: 1 (limit: 9568)
        CPU: 30ms
     CGroup: /system.slice/wpa_supplicant.service
             └─733 /sbin/wpa_supplicant -u -s -O "DIR=/run/wpa_supplicant GROUP=netdev"

May 13 02:17:51 raspberrypi systemd[1]: Starting wpa_supplicant.service - WPA supplicant...
May 13 02:17:51 raspberrypi wpa_supplicant[733]: Successfully initialized wpa_supplicant
May 13 02:17:51 raspberrypi systemd[1]: Started wpa_supplicant.service - WPA supplicant.
May 13 02:17:51 raspberrypi wpa_supplicant[733]: nl80211: kernel reports: Registration to specific type not supported

=== INTERFACES RÉSEAU ===
1: lo: <LOOPBACK,UP,LOWER_UP> mtu 65536 qdisc noqueue state UNKNOWN group default qlen 1000
    link/loopback 00:00:00:00:00:00 brd 00:00:00:00:00:00
    inet 127.0.0.1/8 scope host lo
       valid_lft forever preferred_lft forever
    inet6 ::1/128 scope host noprefixroute 
       valid_lft forever preferred_lft forever
2: eth0: <NO-CARRIER,BROADCAST,MULTICAST,UP> mtu 1500 qdisc pfifo_fast state DOWN group default qlen 1000
    link/ether 2c:cf:67:43:b5:e2 brd ff:ff:ff:ff:ff:ff
3: wlan0: <NO-CARRIER,BROADCAST,MULTICAST,UP> mtu 1500 qdisc pfifo_fast state DOWN group default qlen 1000
    link/ether 2c:cf:67:43:b5:e3 brd ff:ff:ff:ff:ff:ff

=== CONNEXIONS NETWORKMANAGER ===
NAME                UUID                                  TYPE      DEVICE 
lo                  75bf1768-94fc-4aaa-9f4e-5a0a21b691a1  loopback  lo     
preconfigured       5fcf0396-cdbe-4e3a-b92d-359ceb2bd666  wifi      --     
Wired connection 1  5ecdace7-614b-3420-bd77-78d3d7874999  ethernet  --     

=== CONNEXIONS ACTIVES ===
NAME  UUID                                  TYPE      DEVICE 
lo    75bf1768-94fc-4aaa-9f4e-5a0a21b691a1  loopback  lo     

=== RÉSEAUX WIFI ===
IN-USE  BSSID              SSID             MODE   CHAN  RATE        SIGNAL  BARS  SECURITY    
        3A:07:16:23:13:E0  !                Infra  1     270 Mbit/s  72      ▂▄▆_  WPA2        
        4A:94:4D:D2:48:13  Max              Infra  1     135 Mbit/s  67      ▂▄▆_  WPA2 WPA3   
        68:A3:78:6B:FC:C1  Freebox-6BFCC0   Infra  11    195 Mbit/s  64      ▂▄▆_  WPA2        
        68:A3:78:6B:FC:C3  FreeWifi_secure  Infra  11    195 Mbit/s  57      ▂▄▆_  WPA2 802.1X 
        F4:17:B8:C4:E6:A1  Bbox-4C8B430E    Infra  1     130 Mbit/s  54      ▂▄__  WPA2        
        CC:2D:1B:B0:79:06  SFR_7900         Infra  1     130 Mbit/s  49      ▂▄__  WPA1 WPA2   
        E4:9E:12:12:69:87  FreeWifi_secure  Infra  11    195 Mbit/s  44      ▂▄__  WPA2 802.1X 
        E4:5D:51:CC:9F:E6  SFR_9FE0         Infra  6     130 Mbit/s  42      ▂▄__  WPA1 WPA2   
        1E:31:25:50:C7:FC  freebox_AWOWNS   Infra  11    270 Mbit/s  42      ▂▄__  WPA1        
        1E:31:25:50:C7:FE  FreeWifi_secure  Infra  11    270 Mbit/s  42      ▂▄__  WPA1 802.1X 
        6A:5D:51:CC:9F:E7  SFR_9FE0         Infra  104   405 Mbit/s  42      ▂▄__  WPA1 WPA2   
        3A:07:16:27:44:F4  Freebox-1F22E4   Infra  6     130 Mbit/s  40      ▂▄__  WPA2        
        E4:5D:51:CC:9F:E5  SFR_9FE0_5GHZ    Infra  104   405 Mbit/s  40      ▂▄__  WPA1 WPA2   

=== PROCESSUS RÉSEAU ===
root         693  0.1  0.2 263680 18944 ?        Ssl  02:17   0:00 /usr/sbin/NetworkManager --no-daemon
root         733  0.0  0.1  17632  9936 ?        Ss   02:17   0:00 /sbin/wpa_supplicant -u -s -O DIR=/run/wpa_supplicant GROUP=netdev

=== UTILISATION MÉMOIRE ===
               total        used        free      shared  buff/cache   available
Mem:           7.9Gi       629Mi       6.7Gi        54Mi       723Mi       7.3Gi
Swap:          511Mi          0B       511Mi

=== UTILISATION DISQUE ===
Filesystem      Size  Used Avail Use% Mounted on
udev            3.9G     0  3.9G   0% /dev
tmpfs           806M   15M  792M   2% /run
/dev/nvme0n1p2  458G  4.9G  430G   2% /
tmpfs           4.0G  672K  4.0G   1% /dev/shm
tmpfs           5.0M   48K  5.0M   1% /run/lock
/dev/nvme0n1p1  510M   77M  434M  16% /boot/firmware
tmpfs           806M  208K  806M   1% /run/user/1000
/dev/sda1        15G  344K   15G   1% /media/max/MAXLINK

