=== ÉTAT SYSTÈME MAXLINK ===
Date: Thu 22 May 23:49:00 CEST 2025
Script: update_install
Utilisateur: root
PWD: /media/max/MAXLINK

=== SERVICES RÉSEAU ===
● NetworkManager.service - Network Manager
     Loaded: loaded (/lib/systemd/system/NetworkManager.service; enabled; preset: enabled)
     Active: active (running) since Tue 2025-05-13 02:17:51 CEST; 1 week 2 days ago
       Docs: man:NetworkManager(8)
   Main PID: 693 (NetworkManager)
      Tasks: 3 (limit: 9568)
        CPU: 283ms
     CGroup: /system.slice/NetworkManager.service
             └─693 /usr/sbin/NetworkManager --no-daemon

May 13 02:19:44 raspberrypi NetworkManager[693]: <info>  [1747095584.4445] dhcp4 (wlan0): activation: beginning transaction (timeout in 45 seconds)
May 13 02:19:51 raspberrypi NetworkManager[693]: <info>  [1747095591.2335] dhcp4 (wlan0): state changed new lease, address=192.168.19.61
May 13 02:19:51 raspberrypi NetworkManager[693]: <info>  [1747095591.2340] policy: set 'Max' (wlan0) as default for IPv4 routing and DNS
May 13 02:19:51 raspberrypi NetworkManager[693]: <info>  [1747095591.2456] device (wlan0): state change: ip-config -> ip-check (reason 'none', sys-iface-state: 'managed')
May 13 02:19:51 raspberrypi NetworkManager[693]: <info>  [1747095591.2788] device (wlan0): state change: ip-check -> secondaries (reason 'none', sys-iface-state: 'managed')
May 13 02:19:51 raspberrypi NetworkManager[693]: <info>  [1747095591.2790] device (wlan0): state change: secondaries -> activated (reason 'none', sys-iface-state: 'managed')
May 13 02:19:51 raspberrypi NetworkManager[693]: <info>  [1747095591.2793] manager: NetworkManager state is now CONNECTED_SITE
May 13 02:19:51 raspberrypi NetworkManager[693]: <info>  [1747095591.2815] device (wlan0): Activation: successful, device activated.
May 13 02:19:51 raspberrypi NetworkManager[693]: <info>  [1747095591.2821] manager: NetworkManager state is now CONNECTED_GLOBAL
May 22 23:41:09 raspberrypi NetworkManager[693]: <info>  [1747950069.8808] dhcp4 (wlan0): state changed new lease, address=192.168.19.61

● wpa_supplicant.service - WPA supplicant
     Loaded: loaded (/lib/systemd/system/wpa_supplicant.service; enabled; preset: enabled)
     Active: active (running) since Tue 2025-05-13 02:17:51 CEST; 1 week 2 days ago
   Main PID: 733 (wpa_supplicant)
      Tasks: 1 (limit: 9568)
        CPU: 54ms
     CGroup: /system.slice/wpa_supplicant.service
             └─733 /sbin/wpa_supplicant -u -s -O "DIR=/run/wpa_supplicant GROUP=netdev"

May 13 02:17:51 raspberrypi systemd[1]: Started wpa_supplicant.service - WPA supplicant.
May 13 02:17:51 raspberrypi wpa_supplicant[733]: nl80211: kernel reports: Registration to specific type not supported
May 13 02:19:44 raspberrypi wpa_supplicant[733]: wlan0: Trying to associate with 4a:94:4d:d2:48:13 (SSID='Max' freq=2412 MHz)
May 13 02:19:44 raspberrypi wpa_supplicant[733]: wlan0: Associated with 4a:94:4d:d2:48:13
May 13 02:19:44 raspberrypi wpa_supplicant[733]: wlan0: CTRL-EVENT-SUBNET-STATUS-UPDATE status=0
May 13 02:19:44 raspberrypi wpa_supplicant[733]: wlan0: CTRL-EVENT-REGDOM-CHANGE init=COUNTRY_IE type=COUNTRY alpha2=FR
May 13 02:19:44 raspberrypi wpa_supplicant[733]: wlan0: WPA: Key negotiation completed with 4a:94:4d:d2:48:13 [PTK=CCMP GTK=CCMP]
May 13 02:19:44 raspberrypi wpa_supplicant[733]: wlan0: CTRL-EVENT-CONNECTED - Connection to 4a:94:4d:d2:48:13 completed [id=0 id_str=]
May 13 02:19:44 raspberrypi wpa_supplicant[733]: bgscan simple: Failed to enable signal strength monitoring
May 22 23:14:31 raspberrypi wpa_supplicant[733]: wlan0: Reject scan trigger since one is already pending

=== INTERFACES RÉSEAU ===
1: lo: <LOOPBACK,UP,LOWER_UP> mtu 65536 qdisc noqueue state UNKNOWN group default qlen 1000
    link/loopback 00:00:00:00:00:00 brd 00:00:00:00:00:00
    inet 127.0.0.1/8 scope host lo
       valid_lft forever preferred_lft forever
    inet6 ::1/128 scope host noprefixroute 
       valid_lft forever preferred_lft forever
2: eth0: <NO-CARRIER,BROADCAST,MULTICAST,UP> mtu 1500 qdisc pfifo_fast state DOWN group default qlen 1000
    link/ether 2c:cf:67:43:b5:e2 brd ff:ff:ff:ff:ff:ff
3: wlan0: <BROADCAST,MULTICAST,UP,LOWER_UP> mtu 1500 qdisc pfifo_fast state UP group default qlen 1000
    link/ether 2c:cf:67:43:b5:e3 brd ff:ff:ff:ff:ff:ff
    inet 192.168.19.61/24 brd 192.168.19.255 scope global dynamic noprefixroute wlan0
       valid_lft 3129sec preferred_lft 3129sec
    inet6 fe80::ad38:d775:4f0e:4ed6/64 scope link noprefixroute 
       valid_lft forever preferred_lft forever

=== CONNEXIONS NETWORKMANAGER ===
NAME                UUID                                  TYPE      DEVICE 
Max                 d3e8c785-be74-436d-bb5f-3c126fb8be07  wifi      wlan0  
lo                  75bf1768-94fc-4aaa-9f4e-5a0a21b691a1  loopback  lo     
preconfigured       5fcf0396-cdbe-4e3a-b92d-359ceb2bd666  wifi      --     
Wired connection 1  5ecdace7-614b-3420-bd77-78d3d7874999  ethernet  --     

=== CONNEXIONS ACTIVES ===
NAME  UUID                                  TYPE      DEVICE 
Max   d3e8c785-be74-436d-bb5f-3c126fb8be07  wifi      wlan0  
lo    75bf1768-94fc-4aaa-9f4e-5a0a21b691a1  loopback  lo     

=== RÉSEAUX WIFI ===
IN-USE  BSSID              SSID             MODE   CHAN  RATE        SIGNAL  BARS  SECURITY    
*       4A:94:4D:D2:48:13  Max              Infra  1     135 Mbit/s  90      ▂▄▆█  WPA2 WPA3   
        3A:07:16:23:13:E0  !                Infra  1     270 Mbit/s  69      ▂▄▆_  WPA2        
        68:A3:78:6B:FC:C3  FreeWifi_secure  Infra  11    195 Mbit/s  65      ▂▄▆_  WPA2 802.1X 
        3A:07:16:23:13:E4  !                Infra  40    270 Mbit/s  47      ▂▄__  WPA2        
        6A:5D:51:CC:9F:E7  SFR_9FE0         Infra  104   405 Mbit/s  37      ▂▄__  WPA1 WPA2   
        E4:5D:51:CC:9F:E5  SFR_9FE0_5GHZ    Infra  104   405 Mbit/s  37      ▂▄__  WPA1 WPA2   

=== PROCESSUS RÉSEAU ===
root         693  0.0  0.2 263792 18944 ?        Ssl  23:09   0:00 /usr/sbin/NetworkManager --no-daemon
root         733  0.0  0.1  17632  9936 ?        Ss   23:09   0:00 /sbin/wpa_supplicant -u -s -O DIR=/run/wpa_supplicant GROUP=netdev

=== UTILISATION MÉMOIRE ===
               total        used        free      shared  buff/cache   available
Mem:           7.9Gi       645Mi       6.3Gi        57Mi       1.1Gi       7.2Gi
Swap:          511Mi          0B       511Mi

=== UTILISATION DISQUE ===
Filesystem      Size  Used Avail Use% Mounted on
udev            3.9G     0  3.9G   0% /dev
tmpfs           806M   15M  792M   2% /run
/dev/nvme0n1p2  458G  5.0G  430G   2% /
tmpfs           4.0G  672K  4.0G   1% /dev/shm
tmpfs           5.0M   48K  5.0M   1% /run/lock
/dev/nvme0n1p1  510M   77M  434M  16% /boot/firmware
tmpfs           806M  208K  806M   1% /run/user/1000
/dev/sdb1        15G  360K   15G   1% /media/max/MAXLINK

