=== ÉTAT SYSTÈME MAXLINK ===
Date: Tue 13 May 02:20:03 CEST 2025
Script: update_install
Utilisateur: root
PWD: /media/max/MAXLINK

=== SERVICES RÉSEAU ===
● NetworkManager.service - Network Manager
     Loaded: loaded (/lib/systemd/system/NetworkManager.service; enabled; preset: enabled)
     Active: active (running) since Tue 2025-05-13 02:17:51 CEST; 2min 11s ago
       Docs: man:NetworkManager(8)
   Main PID: 711 (NetworkManager)
      Tasks: 3 (limit: 9568)
        CPU: 122ms
     CGroup: /system.slice/NetworkManager.service
             └─711 /usr/sbin/NetworkManager --no-daemon

May 13 02:17:51 raspberrypi NetworkManager[711]: <info>  [1747095471.4868] manager: (p2p-dev-wlan0): new 802.11 Wi-Fi P2P device (/org/freedesktop/NetworkManager/Devices/4)
May 13 02:17:51 raspberrypi NetworkManager[711]: <info>  [1747095471.4871] device (p2p-dev-wlan0): state change: unmanaged -> unavailable (reason 'managed', sys-iface-state: 'external')
May 13 02:17:51 raspberrypi NetworkManager[711]: <info>  [1747095471.4876] device (wlan0): state change: unavailable -> disconnected (reason 'supplicant-available', sys-iface-state: 'managed')
May 13 02:17:51 raspberrypi NetworkManager[711]: <info>  [1747095471.4881] device (p2p-dev-wlan0): state change: unavailable -> disconnected (reason 'none', sys-iface-state: 'managed')
May 13 02:17:51 raspberrypi systemd[1]: Started NetworkManager.service - Network Manager.
May 13 02:17:51 raspberrypi NetworkManager[711]: <info>  [1747095471.6003] device (lo): state change: ip-check -> secondaries (reason 'none', sys-iface-state: 'external')
May 13 02:17:51 raspberrypi NetworkManager[711]: <info>  [1747095471.6005] device (lo): state change: secondaries -> activated (reason 'none', sys-iface-state: 'external')
May 13 02:17:51 raspberrypi NetworkManager[711]: <info>  [1747095471.6017] device (lo): Activation: successful, device activated.
May 13 02:17:53 raspberrypi NetworkManager[711]: <info>  [1747095473.8967] agent-manager: agent[05964e7b69287971,:1.31/org.freedesktop.nm-applet/1000]: agent registered
May 13 02:17:57 raspberrypi NetworkManager[711]: <info>  [1747095477.3964] manager: startup complete

● wpa_supplicant.service - WPA supplicant
     Loaded: loaded (/lib/systemd/system/wpa_supplicant.service; enabled; preset: enabled)
     Active: active (running) since Tue 2025-05-13 02:17:51 CEST; 2min 12s ago
   Main PID: 745 (wpa_supplicant)
      Tasks: 1 (limit: 9568)
        CPU: 32ms
     CGroup: /system.slice/wpa_supplicant.service
             └─745 /sbin/wpa_supplicant -u -s -O "DIR=/run/wpa_supplicant GROUP=netdev"

May 13 02:17:51 raspberrypi systemd[1]: Starting wpa_supplicant.service - WPA supplicant...
May 13 02:17:51 raspberrypi systemd[1]: Started wpa_supplicant.service - WPA supplicant.
May 13 02:17:51 raspberrypi wpa_supplicant[745]: Successfully initialized wpa_supplicant
May 13 02:17:51 raspberrypi wpa_supplicant[745]: nl80211: kernel reports: Registration to specific type not supported

=== INTERFACES RÉSEAU ===
1: lo: <LOOPBACK,UP,LOWER_UP> mtu 65536 qdisc noqueue state UNKNOWN group default qlen 1000
    link/loopback 00:00:00:00:00:00 brd 00:00:00:00:00:00
    inet 127.0.0.1/8 scope host lo
       valid_lft forever preferred_lft forever
    inet6 ::1/128 scope host noprefixroute 
       valid_lft forever preferred_lft forever
2: eth0: <NO-CARRIER,BROADCAST,MULTICAST,UP> mtu 1500 qdisc pfifo_fast state DOWN group default qlen 1000
    link/ether 2c:cf:67:43:b5:e2 brd ff:ff:ff:ff:ff:ff
3: wlan0: <NO-CARRIER,BROADCAST,MULTICAST,UP> mtu 1500 qdisc pfifo_fast state DOWN group default qlen 1000
    link/ether 2c:cf:67:43:b5:e3 brd ff:ff:ff:ff:ff:ff

=== CONNEXIONS NETWORKMANAGER ===
NAME                UUID                                  TYPE      DEVICE 
lo                  9eaea851-abd6-4352-8238-76252041c31a  loopback  lo     
preconfigured       2b72d604-e472-4631-bb96-b0e04d9049e6  wifi      --     
Wired connection 1  37754382-7058-354f-bcb7-9488b3050eec  ethernet  --     

=== CONNEXIONS ACTIVES ===
NAME  UUID                                  TYPE      DEVICE 
lo    9eaea851-abd6-4352-8238-76252041c31a  loopback  lo     

=== RÉSEAUX WIFI ===
IN-USE  BSSID              SSID             MODE   CHAN  RATE        SIGNAL  BARS  SECURITY    
        4A:94:4D:D2:48:13  Max              Infra  1     135 Mbit/s  100     ▂▄▆█  WPA2 WPA3   
        3A:07:16:23:13:E0  !                Infra  1     270 Mbit/s  70      ▂▄▆_  WPA2        
        E4:9E:12:12:69:85  Freebox-126984   Infra  11    195 Mbit/s  54      ▂▄__  WPA2        
        E4:9E:12:12:69:87  FreeWifi_secure  Infra  11    195 Mbit/s  54      ▂▄__  WPA2 802.1X 
        1E:31:25:50:C7:FC  freebox_AWOWNS   Infra  11    270 Mbit/s  50      ▂▄__  WPA1        
        E4:5D:51:CC:9F:E6  SFR_9FE0         Infra  6     130 Mbit/s  47      ▂▄__  WPA1 WPA2   
        CC:2D:1B:B0:79:06  SFR_7900         Infra  1     130 Mbit/s  45      ▂▄__  WPA1 WPA2   
        3A:07:16:27:44:F4  Freebox-1F22E4   Infra  6     130 Mbit/s  44      ▂▄__  WPA2        
        1E:31:25:50:C7:FE  FreeWifi_secure  Infra  11    270 Mbit/s  44      ▂▄__  WPA1 802.1X 
        68:A3:78:6B:FC:C3  FreeWifi_secure  Infra  11    195 Mbit/s  44      ▂▄__  WPA2 802.1X 
        30:68:93:11:0D:66  TP-Link_0D66     Infra  4     270 Mbit/s  42      ▂▄__  WPA2        
        32:68:93:21:0D:66  --               Infra  4     270 Mbit/s  42      ▂▄__  WPA2        
        68:A3:78:6B:FC:C1  Freebox-6BFCC0   Infra  11    195 Mbit/s  42      ▂▄__  WPA2        
        6A:5D:51:CC:9F:E7  SFR_9FE0         Infra  104   405 Mbit/s  40      ▂▄__  WPA1 WPA2   
        E4:5D:51:CC:9F:E5  SFR_9FE0_5GHZ    Infra  104   405 Mbit/s  40      ▂▄__  WPA1 WPA2   
        F4:17:B8:C4:E6:A2  Bbox-4C8B430E    Infra  100   540 Mbit/s  32      ▂▄__  WPA2        
        8C:97:EA:4F:FD:34  Freebox-126984   Infra  56    405 Mbit/s  25      ▂___  WPA2        

=== PROCESSUS RÉSEAU ===
root         711  0.0  0.2 263680 18544 ?        Ssl  02:17   0:00 /usr/sbin/NetworkManager --no-daemon
root         745  0.0  0.1  17632  9968 ?        Ss   02:17   0:00 /sbin/wpa_supplicant -u -s -O DIR=/run/wpa_supplicant GROUP=netdev

=== UTILISATION MÉMOIRE ===
               total        used        free      shared  buff/cache   available
Mem:           7.9Gi       628Mi       6.7Gi        54Mi       740Mi       7.3Gi
Swap:          511Mi          0B       511Mi

=== UTILISATION DISQUE ===
Filesystem      Size  Used Avail Use% Mounted on
udev            3.9G     0  3.9G   0% /dev
tmpfs           806M   15M  792M   2% /run
/dev/nvme0n1p2  458G  4.9G  430G   2% /
tmpfs           4.0G  672K  4.0G   1% /dev/shm
tmpfs           5.0M   48K  5.0M   1% /run/lock
/dev/nvme0n1p1  510M   77M  434M  16% /boot/firmware
tmpfs           806M  224K  806M   1% /run/user/1000
/dev/sda1        15G  320K   15G   1% /media/max/MAXLINK

